A14 zero-path gate: failed as written (environment differs: hostname, processor, python), SATISFIED IN PURPOSE under E5-G1 (cross-machine); worst drift within 1e-06 rel, details in the gate record
=== smoke A16 -> C:\Users\donal\Documents\Atom-Experiment\AtomV2\runs\smoke_e5\A16_s0_e5-producer-branch_e6422dc-dirty089fadc3
C:\Users\donal\Documents\Atom-Experiment\AtomV2\Harness\atomv2\train.py:251: UserWarning: Converting a tensor with requires_grad=True to a scalar may lead to unexpected behavior.
Consider using tensor.detach() first. (Triggered internally at C:\actions-runner\_work\pytorch\pytorch\pytorch\torch\csrc\autograd\generated\python_variable_methods.cpp:837.)
  record.update({k: float(v) for k, v in sb_terms.items()})
    smoke A16: 3 liveness, 3 noise, 3 sandbox, 3 producer records; all implementation gates ok
=== smoke A17 -> C:\Users\donal\Documents\Atom-Experiment\AtomV2\runs\smoke_e5\A17_s0_e5-producer-branch_e6422dc-dirty089fadc3
    smoke A17: 3 liveness, 3 noise, 3 sandbox, 3 producer records; all implementation gates ok
=== A16 (lambda_producer=0.1, noise_sigma=0.142492283, lambda_sandbox=0.3) seed=0 steps=30000 -> C:\Users\donal\Documents\Atom-Experiment\AtomV2\runs\e5\A16_s0_e5-producer-branch_e6422dc-dirty089fadc3
    final: seen=0.9627 L1=0.5278 L3=0.0000 | 20k: seen=0.9235 L1=0.4387 | dax_max=0.0000 crack=False var_min=0.2123 spread=0.1408 valid=True
=== A16 (lambda_producer=0.1, noise_sigma=0.142492283, lambda_sandbox=0.3) seed=1 steps=30000 -> C:\Users\donal\Documents\Atom-Experiment\AtomV2\runs\e5\A16_s1_e5-producer-branch_e6422dc-dirty089fadc3
    final: seen=0.9776 L1=0.3666 L3=0.0002 | 20k: seen=0.9218 L1=0.3256 | dax_max=0.0025 crack=False var_min=0.2010 spread=0.2002 valid=True
=== A16 (lambda_producer=0.1, noise_sigma=0.142492283, lambda_sandbox=0.3) seed=2 steps=30000 -> C:\Users\donal\Documents\Atom-Experiment\AtomV2\runs\e5\A16_s2_e5-producer-branch_e6422dc-dirty089fadc3
A14 zero-path gate: failed as written (environment differs: hostname, processor, python), SATISFIED IN PURPOSE under E5-G1 (cross-machine); worst drift within 1e-06 rel, details in the gate record
=== smoke A16 -> C:\Users\donal\Documents\Atom-Experiment\AtomV2\runs\smoke_e5\A16_s0_e5-producer-branch_e6422dc-dirty66dcc27d
C:\Users\donal\Documents\Atom-Experiment\AtomV2\Harness\atomv2\train.py:251: UserWarning: Converting a tensor with requires_grad=True to a scalar may lead to unexpected behavior.
Consider using tensor.detach() first. (Triggered internally at C:\actions-runner\_work\pytorch\pytorch\pytorch\torch\csrc\autograd\generated\python_variable_methods.cpp:837.)
  record.update({k: float(v) for k, v in sb_terms.items()})
    smoke A16: 3 liveness, 3 noise, 3 sandbox, 3 producer records; all implementation gates ok
=== smoke A17 -> C:\Users\donal\Documents\Atom-Experiment\AtomV2\runs\smoke_e5\A17_s0_e5-producer-branch_e6422dc-dirty66dcc27d
